<?xml version="1.0" encoding="utf-8"?>
<test-run id="2" testcasecount="9" result="Passed" total="9" passed="9" failed="0" inconclusive="0" skipped="0" asserts="0" engine-version="3.5.0.0" clr-version="4.0.30319.42000" start-time="2021-09-27 10:17:58Z" end-time="2021-09-27 10:17:58Z" duration="0.0470715">
  <test-suite type="TestSuite" id="1015" name="UnityTechTest" fullname="UnityTechTest" runstate="Runnable" testcasecount="9" result="Passed" start-time="2021-09-27 10:17:58Z" end-time="2021-09-27 10:17:58Z" duration="0.047072" total="9" passed="9" failed="0" inconclusive="0" skipped="0" asserts="0">
    <properties />
    <test-suite type="Assembly" id="1026" name="EditorTests.dll" fullname="D:/Users/Colin/Documents/GitHub/TechtestUnityRPS/Library/ScriptAssemblies/EditorTests.dll" runstate="Runnable" testcasecount="9" result="Passed" start-time="2021-09-27 10:17:58Z" end-time="2021-09-27 10:17:58Z" duration="0.032963" total="9" passed="9" failed="0" inconclusive="0" skipped="0" asserts="0">
      <properties>
        <property name="_PID" value="19824" />
        <property name="_APPDOMAIN" value="Unity Child Domain" />
        <property name="platform" value="EditMode" />
      </properties>
      <test-suite type="TestFixture" id="1016" name="ResultsTest" fullname="ResultsTest" classname="ResultsTest" runstate="Runnable" testcasecount="9" result="Passed" start-time="2021-09-27 10:17:58Z" end-time="2021-09-27 10:17:58Z" duration="0.031547" total="9" passed="9" failed="0" inconclusive="0" skipped="0" asserts="0">
        <properties />
        <test-case id="1017" name="PaperBeatsRock" fullname="ResultsTest.PaperBeatsRock" methodname="PaperBeatsRock" classname="ResultsTest" runstate="Runnable" seed="1646458845" result="Passed" start-time="2021-09-27 10:17:58Z" end-time="2021-09-27 10:17:58Z" duration="0.015156" asserts="0">
          <properties />
        </test-case>
        <test-case id="1025" name="PaperDraws" fullname="ResultsTest.PaperDraws" methodname="PaperDraws" classname="ResultsTest" runstate="Runnable" seed="902183488" result="Passed" start-time="2021-09-27 10:17:58Z" end-time="2021-09-27 10:17:58Z" duration="0.000277" asserts="0">
          <properties />
        </test-case>
        <test-case id="1022" name="PaperLoses" fullname="ResultsTest.PaperLoses" methodname="PaperLoses" classname="ResultsTest" runstate="Runnable" seed="1549182546" result="Passed" start-time="2021-09-27 10:17:58Z" end-time="2021-09-27 10:17:58Z" duration="0.000158" asserts="0">
          <properties />
        </test-case>
        <test-case id="1018" name="RockBeatsScissors" fullname="ResultsTest.RockBeatsScissors" methodname="RockBeatsScissors" classname="ResultsTest" runstate="Runnable" seed="1989582363" result="Passed" start-time="2021-09-27 10:17:58Z" end-time="2021-09-27 10:17:58Z" duration="0.000151" asserts="0">
          <properties />
        </test-case>
        <test-case id="1023" name="RockDraws" fullname="ResultsTest.RockDraws" methodname="RockDraws" classname="ResultsTest" runstate="Runnable" seed="432709925" result="Passed" start-time="2021-09-27 10:17:58Z" end-time="2021-09-27 10:17:58Z" duration="0.000149" asserts="0">
          <properties />
        </test-case>
        <test-case id="1020" name="RockLoses" fullname="ResultsTest.RockLoses" methodname="RockLoses" classname="ResultsTest" runstate="Runnable" seed="298824726" result="Passed" start-time="2021-09-27 10:17:58Z" end-time="2021-09-27 10:17:58Z" duration="0.000148" asserts="0">
          <properties />
        </test-case>
        <test-case id="1019" name="ScissorsBeatsPaper" fullname="ResultsTest.ScissorsBeatsPaper" methodname="ScissorsBeatsPaper" classname="ResultsTest" runstate="Runnable" seed="1359395872" result="Passed" start-time="2021-09-27 10:17:58Z" end-time="2021-09-27 10:17:58Z" duration="0.000149" asserts="0">
          <properties />
        </test-case>
        <test-case id="1024" name="ScissorsDraws" fullname="ResultsTest.ScissorsDraws" methodname="ScissorsDraws" classname="ResultsTest" runstate="Runnable" seed="455552293" result="Passed" start-time="2021-09-27 10:17:58Z" end-time="2021-09-27 10:17:58Z" duration="0.000148" asserts="0">
          <properties />
        </test-case>
        <test-case id="1021" name="ScissorsLoses" fullname="ResultsTest.ScissorsLoses" methodname="ScissorsLoses" classname="ResultsTest" runstate="Runnable" seed="1734079270" result="Passed" start-time="2021-09-27 10:17:58Z" end-time="2021-09-27 10:17:58Z" duration="0.000153" asserts="0">
          <properties />
        </test-case>
      </test-suite>
    </test-suite>
  </test-suite>
</test-run>